---
source: gql2sql/src/lib.rs
expression: statement.to_string()
---
WITH "result" AS (DELETE FROM "auth"."verification_tokens" WHERE ("identifier" = $1::text AND "token" = $2::text) RETURNING 'verification_tokens' AS "__typename", *) SELECT jsonb_build_object('delete', (SELECT coalesce(json_agg("result"), '[]') FROM "result")) AS "data"
