---
source: gql2sql/src/lib.rs
expression: statement.to_string()
---
SELECT json_build_object('component', (SELECT CAST(to_json((SELECT "root" FROM (SELECT "base"."id", "base"."branch") AS "root")) AS jsonb) || CASE WHEN "ComponentMeta.ComponentMeta"."ComponentMeta" IS NOT NULL THEN to_jsonb("ComponentMeta") ELSE jsonb_build_object() END AS "root" FROM (SELECT * FROM "Component" WHERE "id" = $1 LIMIT 1) AS "base" LEFT JOIN LATERAL (SELECT to_json((SELECT "root" FROM (SELECT "base.ComponentMeta"."componentId", "base.ComponentMeta"."title") AS "root")) AS "ComponentMeta" FROM (SELECT * FROM "ComponentMeta" WHERE "ComponentMeta"."componentId" = "base"."id" AND ("branch" = $2 OR "branch" = 'main') LIMIT 1) AS "base.ComponentMeta") AS "ComponentMeta.ComponentMeta" ON ('true'))) AS "data"
