---
source: gql2sql/src/lib.rs
expression: statement.to_string()
---
WITH "result" AS (INSERT INTO "auth"."Villain" ("id", "name") VALUES ($1::text, $2::text), ($3::text, $4::text), ($5::text, $6::text) ON CONFLICT("id") DO UPDATE SET "name" = EXCLUDED."name" RETURNING 'Villain' AS "__typename", *) SELECT jsonb_build_object('insert', (SELECT coalesce(jsonb_agg("result"), '[]') FROM "result")) AS "data"
