---
source: gql2sql/src/lib.rs
expression: statement.to_string()
---
SELECT json_build_object('getFjjm3XAhyDmbhzymrrkRTAggregate', (SELECT json_build_object('avg', json_build_object('XF4f6Qrhk86AX6dFWjYDt', AVG("XF4f6Qrhk86AX6dFWjYDt"))) AS "root" FROM (SELECT * FROM "Fjjm3XAhyDmbhzymrrkRT" WHERE "TbFeY8XVMaYnkQjDPWMkb_id" = $5) AS "base"), 'getMr3R877DKbWTNWRzmEjxEAggregate', (SELECT json_build_object('__typename', MIN('Agg_Mr3R877DKbWTNWRzmEjxE')) AS "root" FROM (SELECT * FROM "Mr3R877DKbWTNWRzmEjxE") AS "base")) AS "data"
