---
source: gql2sql/src/lib.rs
expression: statement.to_string()
---
SELECT jsonb_build_object('Component_aggregate', (SELECT jsonb_build_object('value', jsonb_build_array("Name"), 'count', COUNT(*), 'min', jsonb_build_object('createdAt', MIN("createdAt"))) AS "root" FROM (SELECT * FROM "Component" WHERE "appId" = '345810043118026832') AS "base" GROUP BY "Name")) AS "data"
