---
source: gql2sql/src/lib.rs
expression: statement.to_string()
---
WITH "result" AS (UPDATE "WFqGH6dk8MpxfpHXh7awi" SET "updated_at" = $2, "ynWfqMzGjjVQYzbKx4rMX" = $3, "QYtpTcmJCe6zfCHWwpNjR" = $4, "a8heQgUMyFync44JACwKA" = jsonb_build_object('src', $5, 'width', $6, 'height', $7) WHERE "id" = $1 RETURNING "id") SELECT json_build_object('update', (SELECT coalesce(json_agg("result"), '[]') FROM "result")) AS "data"
