---
source: gql2sql/src/lib.rs
expression: statement.to_string()
---
WITH "result" AS (INSERT INTO "auth"."Villain" ("name") VALUES ($1::text), ($2::text), ($3::text) RETURNING 'Villain' AS "__typename", *) SELECT jsonb_build_object('insert', (SELECT coalesce(json_agg("result"), '[]') FROM "result")) AS "data"
