---
source: gql2sql/src/lib.rs
expression: statement.to_string()
---
SELECT jsonb_build_object('record', (SELECT coalesce(jsonb_agg(to_jsonb((SELECT "root" FROM (SELECT "base"."id", "base"."name", "base"."age") AS "root"))), '[]') AS "root" FROM (SELECT * FROM "Record" WHERE "id" = $1::text) AS "base")) AS "data"
