---
source: gql2sql/src/lib.rs
expression: statement.to_string()
---
SELECT json_build_object('Component_aggregate', (SELECT json_build_object('count', COUNT(*), 'min', json_build_object('createdAt', MIN("createdAt"))) AS "root" FROM (SELECT * FROM "Component" WHERE "appId" = '345810043118026832') AS "base" GROUP BY 'Name')) AS "data"
